mode: set
github.com/aaron-vaz/skelly/cmd/skelly/main.go:13.13,14.30 1 0
github.com/aaron-vaz/skelly/cmd/skelly/main.go:14.30,17.3 2 0
github.com/aaron-vaz/skelly/cmd/skelly/main.go:20.18,28.2 6 0
github.com/aaron-vaz/skelly/internal/cli/cli_flag.go:17.59,18.19 1 1
github.com/aaron-vaz/skelly/internal/cli/cli_flag.go:18.19,20.3 1 1
github.com/aaron-vaz/skelly/internal/cli/cli_flag.go:22.2,24.9 3 1
github.com/aaron-vaz/skelly/internal/cli/cli_flag.go:24.9,26.3 1 1
github.com/aaron-vaz/skelly/internal/cli/cli_flag.go:28.2,31.46 3 1
github.com/aaron-vaz/skelly/internal/cli/cli_flag.go:31.46,33.3 1 1
github.com/aaron-vaz/skelly/internal/cli/cli_flag.go:35.2,35.30 1 1
github.com/aaron-vaz/skelly/internal/cli/cli_flag.go:42.20,53.27 3 0
github.com/aaron-vaz/skelly/internal/cli/cli_flag.go:53.27,55.3 1 0
github.com/aaron-vaz/skelly/internal/cli/cli_flag.go:57.2,57.16 1 0
github.com/aaron-vaz/skelly/internal/commands/help_command.go:12.37,14.2 1 0
github.com/aaron-vaz/skelly/internal/commands/help_command.go:16.44,18.2 1 0
github.com/aaron-vaz/skelly/internal/commands/help_command.go:20.50,20.51 0 0
github.com/aaron-vaz/skelly/internal/commands/help_command.go:22.48,23.20 1 1
github.com/aaron-vaz/skelly/internal/commands/help_command.go:23.20,26.3 2 1
github.com/aaron-vaz/skelly/internal/commands/help_command.go:28.2,30.9 3 1
github.com/aaron-vaz/skelly/internal/commands/help_command.go:30.9,33.3 2 1
github.com/aaron-vaz/skelly/internal/commands/help_command.go:35.2,43.12 7 1
github.com/aaron-vaz/skelly/internal/commands/help_command.go:46.34,51.33 5 1
github.com/aaron-vaz/skelly/internal/commands/help_command.go:51.33,53.3 1 1
github.com/aaron-vaz/skelly/internal/commands/help_command.go:54.2,55.68 2 1
github.com/aaron-vaz/skelly/internal/commands/help_command.go:58.88,62.2 1 1
github.com/aaron-vaz/skelly/internal/commands/init_command.go:28.37,30.2 1 0
github.com/aaron-vaz/skelly/internal/commands/init_command.go:32.44,34.2 1 0
github.com/aaron-vaz/skelly/internal/commands/init_command.go:36.49,39.2 2 1
github.com/aaron-vaz/skelly/internal/commands/init_command.go:41.48,42.44 1 1
github.com/aaron-vaz/skelly/internal/commands/init_command.go:42.44,44.3 1 1
github.com/aaron-vaz/skelly/internal/commands/init_command.go:47.2,52.58 3 1
github.com/aaron-vaz/skelly/internal/commands/init_command.go:52.58,54.17 2 1
github.com/aaron-vaz/skelly/internal/commands/init_command.go:54.17,56.4 1 0
github.com/aaron-vaz/skelly/internal/commands/init_command.go:58.3,58.19 1 1
github.com/aaron-vaz/skelly/internal/commands/init_command.go:58.19,60.4 1 1
github.com/aaron-vaz/skelly/internal/commands/init_command.go:63.3,63.60 1 0
github.com/aaron-vaz/skelly/internal/commands/init_command.go:63.60,65.4 1 0
github.com/aaron-vaz/skelly/internal/commands/init_command.go:69.2,69.87 1 1
github.com/aaron-vaz/skelly/internal/commands/init_command.go:69.87,71.3 1 1
github.com/aaron-vaz/skelly/internal/commands/init_command.go:73.2,74.16 2 1
github.com/aaron-vaz/skelly/internal/commands/init_command.go:74.16,76.3 1 0
github.com/aaron-vaz/skelly/internal/commands/init_command.go:79.2,79.19 1 1
github.com/aaron-vaz/skelly/internal/commands/init_command.go:79.19,81.3 1 0
github.com/aaron-vaz/skelly/internal/commands/init_command.go:84.2,84.57 1 1
github.com/aaron-vaz/skelly/internal/commands/init_command.go:84.57,86.3 1 0
github.com/aaron-vaz/skelly/internal/commands/init_command.go:89.2,89.66 1 1
github.com/aaron-vaz/skelly/internal/commands/init_command.go:92.47,93.28 1 1
github.com/aaron-vaz/skelly/internal/commands/init_command.go:93.28,95.3 1 1
github.com/aaron-vaz/skelly/internal/commands/init_command.go:97.2,97.33 1 1
github.com/aaron-vaz/skelly/internal/commands/init_command.go:97.33,99.3 1 0
github.com/aaron-vaz/skelly/internal/commands/init_command.go:101.2,101.12 1 1
github.com/aaron-vaz/skelly/internal/commands/init_command.go:108.26,115.2 1 1
github.com/aaron-vaz/skelly/internal/commands/version_command.go:17.40,19.2 1 0
github.com/aaron-vaz/skelly/internal/commands/version_command.go:21.47,23.2 1 0
github.com/aaron-vaz/skelly/internal/commands/version_command.go:25.53,25.54 0 0
github.com/aaron-vaz/skelly/internal/commands/version_command.go:27.51,29.2 1 1
github.com/aaron-vaz/skelly/internal/commands/version_command.go:31.59,33.2 1 1
github.com/aaron-vaz/skelly/internal/download/go_getter.go:13.96,16.43 1 1
github.com/aaron-vaz/skelly/internal/download/go_getter.go:16.43,18.17 2 1
github.com/aaron-vaz/skelly/internal/download/go_getter.go:18.17,20.4 1 0
github.com/aaron-vaz/skelly/internal/download/go_getter.go:21.3,21.18 1 1
github.com/aaron-vaz/skelly/internal/download/go_getter.go:24.2,25.12 2 1
github.com/aaron-vaz/skelly/internal/download/go_getter.go:28.41,30.2 1 1
github.com/aaron-vaz/skelly/internal/templates/processor.go:24.82,26.16 2 1
github.com/aaron-vaz/skelly/internal/templates/processor.go:26.16,27.37 1 1
github.com/aaron-vaz/skelly/internal/templates/processor.go:27.37,29.4 1 1
github.com/aaron-vaz/skelly/internal/templates/processor.go:30.3,30.18 1 0
github.com/aaron-vaz/skelly/internal/templates/processor.go:33.2,34.61 2 1
github.com/aaron-vaz/skelly/internal/templates/processor.go:34.61,36.3 1 1
github.com/aaron-vaz/skelly/internal/templates/processor.go:38.2,38.21 1 1
github.com/aaron-vaz/skelly/internal/templates/processor.go:41.85,44.34 1 1
github.com/aaron-vaz/skelly/internal/templates/processor.go:44.34,46.46 2 1
github.com/aaron-vaz/skelly/internal/templates/processor.go:46.46,47.49 1 1
github.com/aaron-vaz/skelly/internal/templates/processor.go:47.49,49.5 1 0
github.com/aaron-vaz/skelly/internal/templates/processor.go:54.2,54.89 1 1
github.com/aaron-vaz/skelly/internal/templates/processor.go:54.89,55.17 1 1
github.com/aaron-vaz/skelly/internal/templates/processor.go:55.17,57.4 1 0
github.com/aaron-vaz/skelly/internal/templates/processor.go:60.3,60.16 1 1
github.com/aaron-vaz/skelly/internal/templates/processor.go:60.16,62.4 1 1
github.com/aaron-vaz/skelly/internal/templates/processor.go:65.3,65.48 1 1
github.com/aaron-vaz/skelly/internal/templates/processor.go:65.48,67.4 1 1
github.com/aaron-vaz/skelly/internal/templates/processor.go:69.3,69.53 1 1
github.com/aaron-vaz/skelly/internal/templates/processor.go:72.2,72.16 1 1
github.com/aaron-vaz/skelly/internal/templates/processor.go:72.16,74.3 1 0
github.com/aaron-vaz/skelly/internal/templates/processor.go:77.2,78.88 2 1
github.com/aaron-vaz/skelly/internal/templates/processor.go:78.88,79.17 1 1
github.com/aaron-vaz/skelly/internal/templates/processor.go:79.17,81.4 1 0
github.com/aaron-vaz/skelly/internal/templates/processor.go:83.3,84.13 2 1
github.com/aaron-vaz/skelly/internal/templates/processor.go:87.2,87.16 1 1
github.com/aaron-vaz/skelly/internal/templates/processor.go:87.16,89.3 1 0
github.com/aaron-vaz/skelly/internal/templates/processor.go:92.2,92.48 1 1
github.com/aaron-vaz/skelly/internal/templates/processor.go:92.48,94.3 1 1
github.com/aaron-vaz/skelly/internal/templates/processor.go:96.2,96.37 1 1
github.com/aaron-vaz/skelly/internal/templates/processor.go:96.37,98.48 1 1
github.com/aaron-vaz/skelly/internal/templates/processor.go:98.48,99.12 1 1
github.com/aaron-vaz/skelly/internal/templates/processor.go:101.3,101.64 1 1
github.com/aaron-vaz/skelly/internal/templates/processor.go:101.64,103.39 1 0
github.com/aaron-vaz/skelly/internal/templates/processor.go:103.39,105.5 1 0
github.com/aaron-vaz/skelly/internal/templates/processor.go:110.2,110.66 1 1
github.com/aaron-vaz/skelly/internal/templates/processor.go:113.65,117.2 1 1
github.com/aaron-vaz/skelly/internal/templates/render.go:19.92,21.16 2 1
github.com/aaron-vaz/skelly/internal/templates/render.go:21.16,23.3 1 0
github.com/aaron-vaz/skelly/internal/templates/render.go:24.2,24.35 1 1
github.com/aaron-vaz/skelly/internal/templates/render.go:27.90,29.16 2 1
github.com/aaron-vaz/skelly/internal/templates/render.go:29.16,31.3 1 0
github.com/aaron-vaz/skelly/internal/templates/render.go:32.2,32.43 1 1
github.com/aaron-vaz/skelly/internal/templates/render.go:35.89,36.40 1 1
github.com/aaron-vaz/skelly/internal/templates/render.go:36.40,37.32 1 1
github.com/aaron-vaz/skelly/internal/templates/render.go:37.32,39.4 1 1
github.com/aaron-vaz/skelly/internal/templates/render.go:42.2,42.96 1 0
github.com/aaron-vaz/skelly/internal/templates/render.go:45.44,51.2 1 1
github.com/aaron-vaz/skelly/internal/templates/render_std.go:11.61,13.2 1 1
github.com/aaron-vaz/skelly/internal/templates/render_std.go:15.87,17.16 2 1
github.com/aaron-vaz/skelly/internal/templates/render_std.go:17.16,19.3 1 1
github.com/aaron-vaz/skelly/internal/templates/render_std.go:21.2,23.16 3 1
github.com/aaron-vaz/skelly/internal/templates/render_std.go:23.16,25.3 1 0
github.com/aaron-vaz/skelly/internal/templates/render_std.go:27.2,27.28 1 1
github.com/aaron-vaz/skelly/internal/templates/render_std.go:27.28,29.3 1 1
github.com/aaron-vaz/skelly/internal/templates/render_std.go:31.2,32.16 2 1
github.com/aaron-vaz/skelly/internal/templates/render_std.go:32.16,34.3 1 0
github.com/aaron-vaz/skelly/internal/templates/render_std.go:36.2,36.28 1 1
github.com/aaron-vaz/skelly/internal/templates/render_std.go:39.85,42.16 2 1
github.com/aaron-vaz/skelly/internal/templates/render_std.go:42.16,44.3 1 0
github.com/aaron-vaz/skelly/internal/templates/render_std.go:47.2,48.16 2 1
github.com/aaron-vaz/skelly/internal/templates/render_std.go:48.16,50.3 1 0
github.com/aaron-vaz/skelly/internal/templates/render_std.go:53.2,54.16 2 1
github.com/aaron-vaz/skelly/internal/templates/render_std.go:54.16,56.3 1 1
github.com/aaron-vaz/skelly/internal/templates/render_std.go:59.2,60.56 2 1
github.com/aaron-vaz/skelly/internal/templates/render_std.go:60.56,62.3 1 1
github.com/aaron-vaz/skelly/internal/templates/render_std.go:65.2,65.67 1 1
github.com/aaron-vaz/skelly/internal/view/std_ui.go:19.71,22.22 1 1
github.com/aaron-vaz/skelly/internal/view/std_ui.go:22.22,24.3 1 1
github.com/aaron-vaz/skelly/internal/view/std_ui.go:26.2,27.16 2 1
github.com/aaron-vaz/skelly/internal/view/std_ui.go:27.16,29.3 1 0
github.com/aaron-vaz/skelly/internal/view/std_ui.go:32.2,33.24 2 1
github.com/aaron-vaz/skelly/internal/view/std_ui.go:33.24,35.3 1 1
github.com/aaron-vaz/skelly/internal/view/std_ui.go:36.2,38.28 2 1
github.com/aaron-vaz/skelly/internal/view/std_ui.go:38.28,41.17 3 1
github.com/aaron-vaz/skelly/internal/view/std_ui.go:41.17,43.4 1 0
github.com/aaron-vaz/skelly/internal/view/std_ui.go:45.3,45.23 1 1
github.com/aaron-vaz/skelly/internal/view/std_ui.go:48.2,48.12 1 1
github.com/aaron-vaz/skelly/internal/view/std_ui.go:51.83,53.16 2 1
github.com/aaron-vaz/skelly/internal/view/std_ui.go:53.16,55.3 1 0
github.com/aaron-vaz/skelly/internal/view/std_ui.go:57.2,57.29 1 1
github.com/aaron-vaz/skelly/internal/view/std_ui.go:60.50,63.2 2 1
github.com/aaron-vaz/skelly/internal/view/std_ui.go:65.51,68.2 2 1
github.com/aaron-vaz/skelly/internal/view/std_ui.go:70.72,73.47 3 1
github.com/aaron-vaz/skelly/internal/view/std_ui.go:73.47,76.3 2 1
github.com/aaron-vaz/skelly/internal/view/std_ui.go:78.2,79.16 2 1
github.com/aaron-vaz/skelly/internal/view/std_ui.go:79.16,81.3 1 0
github.com/aaron-vaz/skelly/internal/view/std_ui.go:83.2,84.16 2 1
github.com/aaron-vaz/skelly/internal/view/std_ui.go:84.16,86.3 1 0
github.com/aaron-vaz/skelly/internal/view/std_ui.go:88.2,88.21 1 1
github.com/aaron-vaz/skelly/internal/view/std_ui.go:88.21,89.15 1 1
github.com/aaron-vaz/skelly/internal/view/std_ui.go:89.15,92.4 2 1
github.com/aaron-vaz/skelly/internal/view/std_ui.go:94.3,94.30 1 1
github.com/aaron-vaz/skelly/internal/view/std_ui.go:95.8,97.3 1 1
github.com/aaron-vaz/skelly/internal/view/std_ui.go:99.2,99.12 1 1
github.com/aaron-vaz/skelly/internal/view/std_ui.go:102.52,107.16 3 1
github.com/aaron-vaz/skelly/internal/view/std_ui.go:107.16,109.3 1 0
github.com/aaron-vaz/skelly/internal/view/std_ui.go:111.2,111.38 1 1
github.com/aaron-vaz/skelly/internal/view/std_ui.go:114.68,120.2 1 1
